cargo : warning: virtual workspace defaulting to `resolver 
= "1"` despite one or more workspace members being on 
edition 2021 which implies `resolver = "2"`
At line:1 char:1
+ cargo check -p slicer_app > build_error.log 2>&1
+ ~~~~~~~~~~~~~~~~~~~~~~~~~~~~~~~~~~~~~~~~~~~~~~~~
    + CategoryInfo          : NotSpecified: (warning: virtu 
   a...resolver = "2"`:String) [], RemoteException
    + FullyQualifiedErrorId : NativeCommandError
 
note: to keep the current resolver, specify 
`workspace.resolver = "1"` in the workspace root's manifest
note: to use the edition 2021 resolver, specify 
`workspace.resolver = "2"` in the workspace root's manifest
note: for more details see https://doc.rust-lang.org/cargo/r
eference/resolver.html#resolver-versions
    Checking windows-sys v0.61.2
    Checking windows-sys v0.60.2
    Checking uuid v1.18.1
    Checking arboard v3.6.1
    Checking rfd v0.16.0
    Checking egui-winit v0.32.3
    Checking winapi-util v0.1.11
    Checking nu-ansi-term v0.50.3
    Checking termcolor v1.4.1
    Checking tracing-subscriber v0.3.20
    Checking codespan-reporting v0.12.0
    Checking naga v25.0.1
    Checking wgpu-hal v25.0.2
    Checking wgpu-core-deps-windows-linux-android v25.0.0
    Checking wgpu-core v25.0.2
    Checking wgpu v25.0.2
    Checking egui-wgpu v0.32.3
    Checking slicer_gfx v0.1.0 
(C:\Users\olive\oneoff\GaussianSlicer\crates\slicer_gfx)
    Checking slicer_app v0.1.0 
(C:\Users\olive\oneoff\GaussianSlicer\crates\slicer_app)
error[E0599]: no method named `success` found for enum 
`std::result::Result<T, E>` in the current scope
    --> crates\slicer_app\src\main.rs:1253:20
     |
1253 |         if !status.success() {
     |                    ^^^^^^^ method not found in 
`std::result::Result<ExitStatus, std::io::Error>`
     |
note: the method `success` exists on the type `ExitStatus`
    --> /rustc/ed61e7d7e242494fb7057f2657300d9e77bb4fcb\libr
ary\std\src\process.rs:1841:5
help: use the `?` operator to extract the `ExitStatus` 
value, propagating a `Result::Err` value to the caller
     |
1253 |         if !status?.success() {
     |                   +

error[E0277]: `std::result::Result<ExitStatus, 
std::io::Error>` doesn't implement `std::fmt::Display`
    --> crates\slicer_app\src\main.rs:1254:60
     |
1254 |             eprintln!("vdb_writer exited with 
status: {}", status);
     |                                                      
 --   ^^^^^^ `std::result::Result<ExitStatus, 
std::io::Error>` cannot be formatted with the default 
formatter
     |                                                      
 |
     |                                                      
 required by this formatting parameter
     |
     = help: the trait `std::fmt::Display` is not 
implemented for `std::result::Result<ExitStatus, 
std::io::Error>`
     = note: in format strings you may be able to use 
`{:?}` (or {:#?} for pretty-print) instead
     = note: this error originates in the macro 
`$crate::format_args_nl` which comes from the expansion of 
the macro `eprintln` (in Nightly builds, run with -Z 
macro-backtrace for more info)

Some errors have detailed explanations: E0277, E0599.
For more information about an error, try `rustc --explain 
E0277`.
error: could not compile `slicer_app` (bin "slicer_app") 
due to 2 previous errors
